
[Incubating] Problems report is available at: file:///C:/Users/David%20Gomez/Desktop/proyectos/Calidad/AutomatizacionCalidadFE/build/reports/problems/problems-report.html
./gradlew : 
En línea: 1 
Carácter: 1
+ ./gradlew clean 
test -Dcucumber.filte
r.tags="@medical_mana
gement" agg ...
+ ~~~~~~~~~~~~~~~~~~~
~~~~~~~~~~~~~~~~~~~~~
~~~~~~~~~~~~~~~~~~~~~
~~~~~~~~
    + CategoryInfo   
           : NotSpe  
  cified: (:String   
 ) [], RemoteExce    
ption
    + FullyQualified 
   ErrorId : Native  
  CommandError
 
FAILURE: Build 
failed with an 
exception.

* What went wrong:
Task '.filter.tags=@m
edical_management' 
not found in root 
project 'TallerAutoma
tizacionCalidad'.

* Try:
> Run gradlew tasks 
to get a list of 
available tasks.

Deprecated Gradle features were used in this build, making it incompatible with Gradle 9.0.

> For more on name 
expansion, please 
refer to https://docs
.gradle.org/8.14/user
guide/command_line_in
terface.html#sec:name
_abbreviation in the 
Gradle documentation.
> Run with 
--stacktrace option 
to get the stack 
trace.
> Run with --info or 
--debug option to 
get more log output.
> Run with --scan to 
get full insights.
> Get more help at ht
tps://help.gradle.org
.
You can use '--warning-mode all' to show the individual deprecation warnings and determine if they come from your own scripts or plugins.

For more on this, please refer to https://docs.gradle.org/8.14/userguide/command_line_interface.html#sec:command_line_warnings in the Gradle documentation.

BUILD FAILED in 5s
